
> portfolio@0.1.0 build
> next build

node.exe : ΓÜá Warning: Next.js inferred your workspace 
root, but it may not be correct.
At C:\Program Files\nodejs\npm.ps1:29 char:3
+   & $NODE_EXE $NPM_CLI_JS $args
+   ~~~~~~~~~~~~~~~~~~~~~~~~~~~~~
    + CategoryInfo          : NotSpecified: (ΓÜá Warning 
   : Ne...not be correct.:String) [], RemoteException
    + FullyQualifiedErrorId : NativeCommandError
 
 We detected multiple lockfiles and selected the 
directory of C:\Users\ASUS\package-lock.json as the root 
directory.
 To silence this warning, set `turbopack.root` in your 
Next.js config, or consider removing one of the 
lockfiles if it's not needed.
   See https://nextjs.org/docs/app/api-reference/config/n
ext-config-js/turbopack#root-directory for more 
information.
 Detected additional lockfiles: 
   * C:\Users\ASUS\.gemini\antigravity\scratch\portfolio\
package-lock.json

Γû▓ Next.js 16.1.1 (Turbopack)

  Creating an optimized production build ...

> Build error occurred
Error: Turbopack build failed with 2 errors:
./.gemini/antigravity/scratch/portfolio/node_modules/fram
er-motion-3d/dist/es/render/motion.mjs:2:1
Export createRendererMotionComponent doesn't exist in 
target module
[0m [90m 1 |[39m [32m"use client"[39m[33m;[39m
[31m[1m>[22m[39m[90m 2 |[39m [36mimport[39m { 
makeUseVisualState[33m,[39m animations[33m,[39m 
createRendererMotionComponent } [36mfrom[39m 
[32m'framer-motion'[39m[33m;[39m
 [90m   |[39m [31m[1m^[22m[39m[31m[1m^[22m[39m
[31m[1m^[22m[39m[31m[1m^[22m[39m[31m[1m^[22m[3
9m[31m[1m^[22m[39m[31m[1m^[22m[39m[31m[1m^[22m
[39m[31m[1m^[22m[39m[31m[1m^[22m[39m[31m[1m^[
22m[39m[31m[1m^[22m[39m[31m[1m^[22m[39m[31m[1m
^[22m[39m[31m[1m^[22m[39m[31m[1m^[22m[39m[31m
[1m^[22m[39m[31m[1m^[22m[39m[31m[1m^[22m[39m[3
1m[1m^[22m[39m[31m[1m^[22m[39m[31m[1m^[22m[39m
[31m[1m^[22m[39m[31m[1m^[22m[39m[31m[1m^[22m[
39m[31m[1m^[22m[39m[31m[1m^[22m[39m[31m[1m^[22
m[39m[31m[1m^[22m[39m[31m[1m^[22m[39m[31m[1m^
[22m[39m[31m[1m^[22m[39m[31m[1m^[22m[39m[31m[1
m^[22m[39m[31m[1m^[22m[39m[31m[1m^[22m[39m[31m
[1m^[22m[39m[31m[1m^[22m[39m[31m[1m^[22m[39m[
31m[1m^[22m[39m[31m[1m^[22m[39m[31m[1m^[22m[39
m[31m[1m^[22m[39m[31m[1m^[22m[39m[31m[1m^[22m
[39m[31m[1m^[22m[39m[31m[1m^[22m[39m[31m[1m^[2
2m[39m[31m[1m^[22m[39m[31m[1m^[22m[39m[31m[1m^
[22m[39m[31m[1m^[22m[39m[31m[1m^[22m[39m[31m[
1m^[22m[39m[31m[1m^[22m[39m[31m[1m^[22m[39m[31
m[1m^[22m[39m[31m[1m^[22m[39m[31m[1m^[22m[39m
[31m[1m^[22m[39m[31m[1m^[22m[39m[31m[1m^[22m[3
9m[31m[1m^[22m[39m[31m[1m^[22m[39m[31m[1m^[22m
[39m[31m[1m^[22m[39m[31m[1m^[22m[39m[31m[1m^[
22m[39m[31m[1m^[22m[39m[31m[1m^[22m[39m[31m[1m
^[22m[39m[31m[1m^[22m[39m[31m[1m^[22m[39m[31m
[1m^[22m[39m[31m[1m^[22m[39m[31m[1m^[22m[39m[3
1m[1m^[22m[39m[31m[1m^[22m[39m[31m[1m^[22m[39m
[31m[1m^[22m[39m[31m[1m^[22m[39m[31m[1m^[22m[
39m[31m[1m^[22m[39m[31m[1m^[22m[39m[31m[1m^[22
m[39m[31m[1m^[22m[39m[31m[1m^[22m[39m[31m[1m^
[22m[39m[31m[1m^[22m[39m[31m[1m^[22m[39m[31m[1
m^[22m[39m[31m[1m^[22m[39m[31m[1m^[22m[39m[31m
[1m^[22m[39m
 [90m 3 |[39m [36mimport[39m { 
createRenderState[33m,[39m createVisualElement } 
[36mfrom[39m 
[32m'./create-visual-element.mjs'[39m[33m;[39m
 [90m 4 |[39m [36mimport[39m { useRender } 
[36mfrom[39m [32m'./use-render.mjs'[39m[33m;[39m
 [90m 5 |[39m [36mimport[39m { 
scrapeMotionValuesFromProps } [36mfrom[39m [32m'./util
s/scrape-motion-value.mjs'[39m[33m;[39m[0m

The export createRendererMotionComponent was not found 
in module [project]/.gemini/antigravity/scratch/portfolio
/node_modules/framer-motion/dist/es/index.mjs 
[app-client] (ecmascript).
Did you mean to import createRenderBatcher?
All exports of the module are statically known (It 
doesn't have dynamic exports). So it's known statically 
that the requested export doesn't exist.

Import traces:
  Client Component Browser:
    ./.gemini/antigravity/scratch/portfolio/node_modules/
framer-motion-3d/dist/es/render/motion.mjs [Client 
Component Browser]
    ./.gemini/antigravity/scratch/portfolio/src/component
s/Three/FloatingObject.tsx [Client Component Browser]
    ./.gemini/antigravity/scratch/portfolio/src/component
s/Three/Scene.tsx [Client Component Browser]
    ./.gemini/antigravity/scratch/portfolio/src/component
s/Three/Scene.tsx [Server Component]
    
./.gemini/antigravity/scratch/portfolio/src/app/page.tsx 
[Server Component]

  Client Component SSR:
    ./.gemini/antigravity/scratch/portfolio/node_modules/
framer-motion-3d/dist/es/render/motion.mjs [Client 
Component SSR]
    ./.gemini/antigravity/scratch/portfolio/src/component
s/Three/FloatingObject.tsx [Client Component SSR]
    ./.gemini/antigravity/scratch/portfolio/src/component
s/Three/Scene.tsx [Client Component SSR]
    ./.gemini/antigravity/scratch/portfolio/src/component
s/Three/Scene.tsx [Server Component]
    
./.gemini/antigravity/scratch/portfolio/src/app/page.tsx 
[Server Component]


./.gemini/antigravity/scratch/portfolio/node_modules/fram
er-motion-3d/dist/es/render/motion.mjs:2:1
Export createRendererMotionComponent doesn't exist in 
target module
[0m [90m 1 |[39m [32m"use client"[39m[33m;[39m
[31m[1m>[22m[39m[90m 2 |[39m [36mimport[39m { 
makeUseVisualState[33m,[39m animations[33m,[39m 
createRendererMotionComponent } [36mfrom[39m 
[32m'framer-motion'[39m[33m;[39m
 [90m   |[39m [31m[1m^[22m[39m[31m[1m^[22m[39m
[31m[1m^[22m[39m[31m[1m^[22m[39m[31m[1m^[22m[3
9m[31m[1m^[22m[39m[31m[1m^[22m[39m[31m[1m^[22m
[39m[31m[1m^[22m[39m[31m[1m^[22m[39m[31m[1m^[
22m[39m[31m[1m^[22m[39m[31m[1m^[22m[39m[31m[1m
^[22m[39m[31m[1m^[22m[39m[31m[1m^[22m[39m[31m
[1m^[22m[39m[31m[1m^[22m[39m[31m[1m^[22m[39m[3
1m[1m^[22m[39m[31m[1m^[22m[39m[31m[1m^[22m[39m
[31m[1m^[22m[39m[31m[1m^[22m[39m[31m[1m^[22m[
39m[31m[1m^[22m[39m[31m[1m^[22m[39m[31m[1m^[22
m[39m[31m[1m^[22m[39m[31m[1m^[22m[39m[31m[1m^
[22m[39m[31m[1m^[22m[39m[31m[1m^[22m[39m[31m[1
m^[22m[39m[31m[1m^[22m[39m[31m[1m^[22m[39m[31m
[1m^[22m[39m[31m[1m^[22m[39m[31m[1m^[22m[39m[
31m[1m^[22m[39m[31m[1m^[22m[39m[31m[1m^[22m[39
m[31m[1m^[22m[39m[31m[1m^[22m[39m[31m[1m^[22m
[39m[31m[1m^[22m[39m[31m[1m^[22m[39m[31m[1m^[2
2m[39m[31m[1m^[22m[39m[31m[1m^[22m[39m[31m[1m^
[22m[39m[31m[1m^[22m[39m[31m[1m^[22m[39m[31m[
1m^[22m[39m[31m[1m^[22m[39m[31m[1m^[22m[39m[31
m[1m^[22m[39m[31m[1m^[22m[39m[31m[1m^[22m[39m
[31m[1m^[22m[39m[31m[1m^[22m[39m[31m[1m^[22m[3
9m[31m[1m^[22m[39m[31m[1m^[22m[39m[31m[1m^[22m
[39m[31m[1m^[22m[39m[31m[1m^[22m[39m[31m[1m^[
22m[39m[31m[1m^[22m[39m[31m[1m^[22m[39m[31m[1m
^[22m[39m[31m[1m^[22m[39m[31m[1m^[22m[39m[31m
[1m^[22m[39m[31m[1m^[22m[39m[31m[1m^[22m[39m[3
1m[1m^[22m[39m[31m[1m^[22m[39m[31m[1m^[22m[39m
[31m[1m^[22m[39m[31m[1m^[22m[39m[31m[1m^[22m[
39m[31m[1m^[22m[39m[31m[1m^[22m[39m[31m[1m^[22
m[39m[31m[1m^[22m[39m[31m[1m^[22m[39m[31m[1m^
[22m[39m[31m[1m^[22m[39m[31m[1m^[22m[39m[31m[1
m^[22m[39m[31m[1m^[22m[39m[31m[1m^[22m[39m[31m
[1m^[22m[39m
 [90m 3 |[39m [36mimport[39m { 
createRenderState[33m,[39m createVisualElement } 
[36mfrom[39m 
[32m'./create-visual-element.mjs'[39m[33m;[39m
 [90m 4 |[39m [36mimport[39m { useRender } 
[36mfrom[39m [32m'./use-render.mjs'[39m[33m;[39m
 [90m 5 |[39m [36mimport[39m { 
scrapeMotionValuesFromProps } [36mfrom[39m [32m'./util
s/scrape-motion-value.mjs'[39m[33m;[39m[0m

The export createRendererMotionComponent was not found 
in module [project]/.gemini/antigravity/scratch/portfolio
/node_modules/framer-motion/dist/es/index.mjs [app-ssr] 
(ecmascript).
Did you mean to import createRenderBatcher?
All exports of the module are statically known (It 
doesn't have dynamic exports). So it's known statically 
that the requested export doesn't exist.

Import traces:
  Client Component Browser:
    ./.gemini/antigravity/scratch/portfolio/node_modules/
framer-motion-3d/dist/es/render/motion.mjs [Client 
Component Browser]
    ./.gemini/antigravity/scratch/portfolio/src/component
s/Three/FloatingObject.tsx [Client Component Browser]
    ./.gemini/antigravity/scratch/portfolio/src/component
s/Three/Scene.tsx [Client Component Browser]
    ./.gemini/antigravity/scratch/portfolio/src/component
s/Three/Scene.tsx [Server Component]
    
./.gemini/antigravity/scratch/portfolio/src/app/page.tsx 
[Server Component]

  Client Component SSR:
    ./.gemini/antigravity/scratch/portfolio/node_modules/
framer-motion-3d/dist/es/render/motion.mjs [Client 
Component SSR]
    ./.gemini/antigravity/scratch/portfolio/src/component
s/Three/FloatingObject.tsx [Client Component SSR]
    ./.gemini/antigravity/scratch/portfolio/src/component
s/Three/Scene.tsx [Client Component SSR]
    ./.gemini/antigravity/scratch/portfolio/src/component
s/Three/Scene.tsx [Server Component]
    
./.gemini/antigravity/scratch/portfolio/src/app/page.tsx 
[Server Component]


    at ignore-listed frames
